// Jest Snapshot v1, https://goo.gl/fbAQLP

exports[`HorizontalDivider should render a basic component 1`] = `
<hr
  className="divider"
/>
`;
