exports[`ThemeProvider should render a theme provider component 1`] = `
<div>
  <p>
    Child content
  </p>
</div>
`;

exports[`ThemeProvider should shallow render a theme provider component 1`] = `
<CSSVariablePolyfillProvider
  getThemeableCSS={[Function]}
  theme={
    Object {
      "--terra-badge-background-color-default": "#373d3f",
      "--terra-badge-color-default": "#fff",
    }
  }>
  <p>
    Child content
  </p>
</CSSVariablePolyfillProvider>
`;
